// Jest Snapshot v1, https://goo.gl/fbAQLP

exports[`Button should match a snapshot 1`] = `
<body>
  <div>
    <div>
      hey there you
    </div>
  </div>
</body>
`;
